// Jest Snapshot v1, https://goo.gl/fbAQLP

exports[`SLDSButtonStateful Base DOM & HTML Snapshots look the same 1`] = `
<button
  aria-live="polite"
  className="slds-button slds-not-selected slds-button--icon-border"
  disabled={false}
  id={undefined}
  onBlur={[Function]}
  onClick={[Function]}
  onFocus={undefined}
  onKeyDown={undefined}
  onKeyPress={undefined}
  onKeyUp={undefined}
  onMouseDown={undefined}
  onMouseEnter={undefined}
  onMouseLeave={[Function]}
  tabIndex={undefined}
>
  <svg
    aria-hidden="true"
    className="slds-button__icon slds-button__icon--large slds-button__icon--stateful"
  >
    <use
      xlinkHref="/assets/icons/utility-sprite/svg/symbols.svg#like"
    />
  </svg>
  <span
    className="slds-assistive-text"
  >
    like
  </span>
</button>
`;

exports[`SLDSButtonStateful Base DOM & HTML Snapshots look the same 2`] = `"<button aria-live=\\"polite\\" class=\\"slds-button slds-not-selected slds-button--icon-border\\"><svg aria-hidden=\\"true\\" class=\\"slds-button__icon slds-button__icon--large slds-button__icon--stateful\\"><use xlink:href=\\"/assets/icons/utility-sprite/svg/symbols.svg#like\\"></use></svg><span class=\\"slds-assistive-text\\">like</span></button>"`;

exports[`SLDSButtonStateful Base DOM & HTML Snapshots look the same 3`] = `
<div
  className="slds-x-small-buttons--horizontal"
>
  <button
    aria-live="assertive"
    className="slds-button slds-button--neutral slds-not-selected"
    disabled={false}
    id={undefined}
    onBlur={[Function]}
    onClick={[Function]}
    onFocus={undefined}
    onKeyDown={undefined}
    onKeyPress={undefined}
    onKeyUp={undefined}
    onMouseEnter={undefined}
    onMouseLeave={[Function]}
    tabIndex={undefined}
  >
    <span
      className="slds-text-not-selected"
    >
      <svg
        aria-hidden="true"
        className="slds-button__icon slds-button__icon--small slds-button__icon--left slds-button__icon--stateful"
      >
        <use
          xlinkHref="/assets/icons/utility-sprite/svg/symbols.svg#add"
        />
      </svg>
      Follow
    </span>
    <span
      className="slds-text-selected"
    >
      <svg
        aria-hidden="true"
        className="slds-button__icon slds-button__icon--small slds-button__icon--left slds-button__icon--stateful"
      >
        <use
          xlinkHref="/assets/icons/utility-sprite/svg/symbols.svg#check"
        />
      </svg>
      Following
    </span>
    <span
      className="slds-text-selected-focus"
    >
      <svg
        aria-hidden="true"
        className="slds-button__icon slds-button__icon--small slds-button__icon--left slds-button__icon--stateful"
      >
        <use
          xlinkHref="/assets/icons/utility-sprite/svg/symbols.svg#close"
        />
      </svg>
      Unfollow
    </span>
  </button>
  <div
    className="slds-m-horizontal--small"
    style={
      Object {
        "backgroundColor": "#16325c",
        "display": "inline-block",
        "padding": "10px",
      }
    }
  >
    <button
      aria-live="assertive"
      className="slds-button slds-button--neutral slds-not-selected"
      disabled={false}
      id={undefined}
      onBlur={[Function]}
      onClick={[Function]}
      onFocus={undefined}
      onKeyDown={undefined}
      onKeyPress={undefined}
      onKeyUp={undefined}
      onMouseEnter={undefined}
      onMouseLeave={[Function]}
      tabIndex={undefined}
    >
      <span
        className="slds-text-not-selected"
      >
        <svg
          aria-hidden="true"
          className="slds-button__icon slds-button__icon--small slds-button__icon--left slds-button__icon--stateful"
        >
          <use
            xlinkHref="/assets/icons/utility-sprite/svg/symbols.svg#add"
          />
        </svg>
        Join
      </span>
      <span
        className="slds-text-selected"
      >
        <svg
          aria-hidden="true"
          className="slds-button__icon slds-button__icon--small slds-button__icon--left slds-button__icon--stateful"
        >
          <use
            xlinkHref="/assets/icons/utility-sprite/svg/symbols.svg#check"
          />
        </svg>
        Member
      </span>
      <span
        className="slds-text-selected-focus"
      >
        <svg
          aria-hidden="true"
          className="slds-button__icon slds-button__icon--small slds-button__icon--left slds-button__icon--stateful"
        >
          <use
            xlinkHref="/assets/icons/utility-sprite/svg/symbols.svg#close"
          />
        </svg>
        Leave
      </span>
    </button>
  </div>
</div>
`;

exports[`SLDSButtonStateful Base DOM & HTML Snapshots look the same 4`] = `
"<div class=\\"slds-x-small-buttons--horizontal\\"><button aria-live=\\"assertive\\" class=\\"slds-button slds-button--neutral slds-not-selected\\"><span class=\\"slds-text-not-selected\\"><svg aria-hidden=\\"true\\" class=\\"slds-button__icon slds-button__icon--small slds-button__icon--left slds-button__icon--stateful\\"><use xlink:href=\\"/assets/icons/utility-sprite/svg/symbols.svg#add\\"></use></svg>Follow</span><span class=\\"slds-text-selected\\"><svg aria-hidden=\\"true\\" class=\\"slds-button__icon slds-button__icon--small slds-button__icon--left slds-button__icon--stateful\\"><use xlink:href=\\"/assets/icons/utility-sprite/svg/symbols.svg#check\\"></use></svg>Following</span><span class=\\"slds-text-selected-focus\\"><svg aria-hidden=\\"true\\" class=\\"slds-button__icon slds-button__icon--small slds-button__icon--left slds-button__icon--stateful\\"><use xlink:href=\\"/assets/icons/utility-sprite/svg/symbols.svg#close\\"></use></svg>Unfollow</span></button>
  <div
    style=\\"background-color:#16325c;padding:10px;display:inline-block;\\" class=\\"slds-m-horizontal--small\\"><button aria-live=\\"assertive\\" class=\\"slds-button slds-button--neutral slds-not-selected\\"><span class=\\"slds-text-not-selected\\"><svg aria-hidden=\\"true\\" class=\\"slds-button__icon slds-button__icon--small slds-button__icon--left slds-button__icon--stateful\\"><use xlink:href=\\"/assets/icons/utility-sprite/svg/symbols.svg#add\\"></use></svg>Join</span><span class=\\"slds-text-selected\\"><svg aria-hidden=\\"true\\" class=\\"slds-button__icon slds-button__icon--small slds-button__icon--left slds-button__icon--stateful\\"><use xlink:href=\\"/assets/icons/utility-sprite/svg/symbols.svg#check\\"></use></svg>Member</span><span class=\\"slds-text-selected-focus\\"><svg aria-hidden=\\"true\\" class=\\"slds-button__icon slds-button__icon--small slds-button__icon--left slds-button__icon--stateful\\"><use xlink:href=\\"/assets/icons/utility-sprite/svg/symbols.svg#close\\"></use></svg>Leave</span></button></div>
</div>"
`;
