// Jest Snapshot v1, https://goo.gl/fbAQLP

exports[`Panel Filtering Default Snapshot DOM Snapshot 1`] = `
<div
  className="slds-panel slds-grid slds-grid_vertical slds-nowrap slds-panel_filters"
>
  <div
    className="slds-form_stacked slds-grow slds-scrollable_y slds-grid slds-grid_vertical"
  >
    <div
      className="slds-filters"
    >
      <div
        className="slds-filters__header slds-grid slds-has-divider_bottom-space"
      >
        <h2
          className="slds-align-middle slds-text-heading_small"
        >
          Filter
        </h2>
        <button
          className="slds-button slds-button_icon slds-button_icon-bare slds-button_icon-small slds-col_bump-left"
          disabled={false}
          onClick={[Function]}
          title="Close Panel"
          type="button"
        >
          <svg
            aria-hidden="true"
            className="slds-button__icon"
          >
            <use
              xlinkHref="/assets/icons/utility-sprite/svg/symbols.svg#forward"
            />
          </svg>
          <span
            className="slds-assistive-text"
          >
            Close Panel
          </span>
        </button>
      </div>
      <div
        className="slds-filters__body"
      >
        <ol
          className="slds-list_vertical slds-list_vertical-space"
        >
          <li
            className="slds-item slds-hint-parent"
          >
            <div
              className="slds-filters__item slds-grid slds-grid_vertical-align-center"
            >
              <div
                className="slds-grow"
                style={
                  Object {
                    "display": "inline-block",
                  }
                }
              >
                <button
                  className="slds-button_reset slds-grow slds-has-blur-focus"
                  id="sample-panel-filtering-show-me"
                  onClick={[Function]}
                  onFocus={null}
                  onMouseEnter={null}
                  onMouseLeave={null}
                  tabIndex="0"
                  type="button"
                >
                  <span
                    className="slds-assistive-text"
                  >
                    Edit filter:
                  </span>
                  <p
                    className="slds-text-body_small"
                  >
                    Show Me
                  </p>
                  <p>
                    All Products
                  </p>
                </button>
              </div>
            </div>
          </li>
        </ol>
        <h3
          className="slds-text-body_small slds-m-vertical_x-small"
        >
          Matching all these filters
        </h3>
        <ol
          className="slds-list_vertical slds-list_vertical-space"
        >
          <li
            className="slds-item slds-hint-parent"
          >
            <div
              className="slds-filters__item slds-grid slds-grid_vertical-align-center"
            >
              <div
                className="slds-grow"
                style={
                  Object {
                    "display": "inline-block",
                  }
                }
              >
                <button
                  className="slds-button_reset slds-grow slds-has-blur-focus"
                  id="sample-panel-filtering-created-date"
                  onClick={[Function]}
                  onFocus={null}
                  onMouseEnter={null}
                  onMouseLeave={null}
                  tabIndex="0"
                  type="button"
                >
                  <span
                    className="slds-assistive-text"
                  >
                    Edit filter:
                  </span>
                  <p
                    className="slds-text-body_small"
                  >
                    Created Date
                  </p>
                  <p>
                    equals THIS WEEK
                  </p>
                </button>
              </div>
              <button
                className="slds-button slds-button_icon slds-button_icon-bare slds-button_icon-small"
                disabled={false}
                onClick={[Function]}
                title="Remove Filter: Created Date equals THIS WEEK"
                type="button"
              >
                <svg
                  aria-hidden="true"
                  className="slds-button__icon slds-button__icon_hint"
                >
                  <use
                    xlinkHref="/assets/icons/utility-sprite/svg/symbols.svg#close"
                  />
                </svg>
                <span
                  className="slds-assistive-text"
                >
                  Remove Filter: Created Date equals THIS WEEK
                </span>
              </button>
            </div>
          </li>
          <li
            className="slds-item slds-hint-parent"
          >
            <div
              className="slds-filters__item slds-grid slds-grid_vertical-align-center"
            >
              <div
                className="slds-grow"
                style={
                  Object {
                    "display": "inline-block",
                  }
                }
              >
                <button
                  className="slds-button_reset slds-grow slds-has-blur-focus"
                  id="sample-panel-filtering-list-price"
                  onClick={[Function]}
                  onFocus={null}
                  onMouseEnter={null}
                  onMouseLeave={null}
                  tabIndex="0"
                  type="button"
                >
                  <span
                    className="slds-assistive-text"
                  >
                    Edit filter:
                  </span>
                  <p
                    className="slds-text-body_small"
                  >
                    List Price
                  </p>
                  <p>
                    greater than "500"
                  </p>
                </button>
              </div>
              <button
                className="slds-button slds-button_icon slds-button_icon-bare slds-button_icon-small"
                disabled={false}
                onClick={[Function]}
                title="Remove Filter: List Price greater than \\"500\\""
                type="button"
              >
                <svg
                  aria-hidden="true"
                  className="slds-button__icon slds-button__icon_hint"
                >
                  <use
                    xlinkHref="/assets/icons/utility-sprite/svg/symbols.svg#close"
                  />
                </svg>
                <span
                  className="slds-assistive-text"
                >
                  Remove Filter: List Price greater than "500"
                </span>
              </button>
            </div>
          </li>
        </ol>
      </div>
      <div
        className="slds-filters__footer slds-grid slds-shrink-none"
      >
        <button
          className="slds-button_reset slds-text-link"
          disabled={false}
          onClick={[Function]}
          type="button"
        >
          Add Filter
        </button>
        <button
          className="slds-button_reset slds-text-link slds-col_bump-left"
          disabled={false}
          onClick={[Function]}
          type="button"
        >
          Remove All
        </button>
      </div>
    </div>
  </div>
</div>
`;

exports[`Panel Filtering Default Snapshot HTML Snapshot 1`] = `
"<div class=\\"slds-panel slds-grid slds-grid_vertical slds-nowrap slds-panel_filters\\">
  <div class=\\"slds-form_stacked slds-grow slds-scrollable_y slds-grid slds-grid_vertical\\">
    <div class=\\"slds-filters\\">
      <div class=\\"slds-filters__header slds-grid slds-has-divider_bottom-space\\">
        <h2 class=\\"slds-align-middle slds-text-heading_small\\">Filter</h2><button class=\\"slds-button slds-button_icon slds-button_icon-bare slds-button_icon-small slds-col_bump-left\\" title=\\"Close Panel\\" type=\\"button\\"><svg aria-hidden=\\"true\\" class=\\"slds-button__icon\\"><use xlink:href=\\"/assets/icons/utility-sprite/svg/symbols.svg#forward\\"></use></svg><span class=\\"slds-assistive-text\\">Close Panel</span></button></div>
      <div
        class=\\"slds-filters__body\\">
        <ol class=\\"slds-list_vertical slds-list_vertical-space\\">
          <li class=\\"slds-item slds-hint-parent\\">
            <div class=\\"slds-filters__item slds-grid slds-grid_vertical-align-center\\">
              <div class=\\"slds-grow\\" style=\\"display:inline-block\\"><button class=\\"slds-button_reset slds-grow slds-has-blur-focus\\" type=\\"button\\" id=\\"sample-panel-filtering-show-me\\" tabindex=\\"0\\"><span class=\\"slds-assistive-text\\">Edit filter:</span><p class=\\"slds-text-body_small\\">Show Me</p><p>All Products</p></button></div>
            </div>
          </li>
        </ol>
        <h3 class=\\"slds-text-body_small slds-m-vertical_x-small\\">Matching all these filters</h3>
        <ol class=\\"slds-list_vertical slds-list_vertical-space\\">
          <li class=\\"slds-item slds-hint-parent\\">
            <div class=\\"slds-filters__item slds-grid slds-grid_vertical-align-center\\">
              <div class=\\"slds-grow\\" style=\\"display:inline-block\\"><button class=\\"slds-button_reset slds-grow slds-has-blur-focus\\" type=\\"button\\" id=\\"sample-panel-filtering-created-date\\" tabindex=\\"0\\"><span class=\\"slds-assistive-text\\">Edit filter:</span><p class=\\"slds-text-body_small\\">Created Date</p><p>equals THIS WEEK</p></button></div>
              <button
                class=\\"slds-button slds-button_icon slds-button_icon-bare slds-button_icon-small\\" title=\\"Remove Filter: Created Date equals THIS WEEK\\" type=\\"button\\"><svg aria-hidden=\\"true\\" class=\\"slds-button__icon slds-button__icon_hint\\"><use xlink:href=\\"/assets/icons/utility-sprite/svg/symbols.svg#close\\"></use></svg><span class=\\"slds-assistive-text\\">Remove Filter: Created Date equals THIS WEEK</span></button>
            </div>
          </li>
          <li class=\\"slds-item slds-hint-parent\\">
            <div class=\\"slds-filters__item slds-grid slds-grid_vertical-align-center\\">
              <div class=\\"slds-grow\\" style=\\"display:inline-block\\"><button class=\\"slds-button_reset slds-grow slds-has-blur-focus\\" type=\\"button\\" id=\\"sample-panel-filtering-list-price\\" tabindex=\\"0\\"><span class=\\"slds-assistive-text\\">Edit filter:</span><p class=\\"slds-text-body_small\\">List Price</p><p>greater than &quot;500&quot;</p></button></div>
              <button
                class=\\"slds-button slds-button_icon slds-button_icon-bare slds-button_icon-small\\" title=\\"Remove Filter: List Price greater than &quot;500&quot;\\" type=\\"button\\"><svg aria-hidden=\\"true\\" class=\\"slds-button__icon slds-button__icon_hint\\"><use xlink:href=\\"/assets/icons/utility-sprite/svg/symbols.svg#close\\"></use></svg><span class=\\"slds-assistive-text\\">Remove Filter: List Price greater than &quot;500&quot;</span></button>
            </div>
          </li>
        </ol>
    </div>
    <div class=\\"slds-filters__footer slds-grid slds-shrink-none\\"><button class=\\"slds-button_reset slds-text-link\\" type=\\"button\\">Add Filter</button><button class=\\"slds-button_reset slds-text-link slds-col_bump-left\\" type=\\"button\\">Remove All</button></div>
  </div>
</div>
</div>"
`;
