// Jest Snapshot v1, https://goo.gl/fbAQLP

exports[`Navigation
		className,
		id,
		variant
	DOM Snapshot 1`] = `
<nav
  className="slds-nav-vertical CUSTOM-CLASSNAME"
  id="CUSTOM-ID"
>
  <div
    className="slds-nav-vertical__section"
  >
    <h2
      className="slds-nav-vertical__title"
      id="CUSTOM-ID-reports"
    >
      Reports
    </h2>
    <ul>
      <li
        className="slds-nav-vertical__item"
      >
        <a
          aria-describedby="CUSTOM-ID-reports"
          className="slds-nav-vertical__action"
          data-id="recent_reports"
          href="javascript:void(0);"
          onClick={[Function]}
        >
          Recent
        </a>
      </li>
      <li
        className="slds-nav-vertical__item"
      >
        <a
          aria-describedby="CUSTOM-ID-reports"
          className="slds-nav-vertical__action"
          data-id="my_reports"
          href="javascript:void(0);"
          onClick={[Function]}
        >
          Created by Me
        </a>
      </li>
      <li
        className="slds-nav-vertical__item"
      >
        <a
          aria-describedby="CUSTOM-ID-reports"
          className="slds-nav-vertical__action"
          data-id="private_reports"
          href="javascript:void(0);"
          onClick={[Function]}
        >
          Private Reports
        </a>
      </li>
      <li
        className="slds-nav-vertical__item"
      >
        <a
          aria-describedby="CUSTOM-ID-reports"
          className="slds-nav-vertical__action"
          data-id="public_reports"
          href="javascript:void(0);"
          onClick={[Function]}
        >
          Public Reports
        </a>
      </li>
      <li
        className="slds-nav-vertical__item slds-is-active"
      >
        <a
          aria-describedby="CUSTOM-ID-reports"
          className="slds-nav-vertical__action"
          data-id="all_reports"
          href="javascript:void(0);"
          onClick={[Function]}
        >
          All Reports
        </a>
      </li>
    </ul>
  </div>
  <div
    className="slds-nav-vertical__section"
  >
    <h2
      className="slds-nav-vertical__title"
      id="CUSTOM-ID-folders"
    >
      Folders
    </h2>
    <ul>
      <li
        className="slds-nav-vertical__item"
      >
        <a
          aria-describedby="CUSTOM-ID-folders"
          className="slds-nav-vertical__action"
          data-id="my_folders"
          href="http://www.google.com"
          onClick={[Function]}
        >
          Created by Me
        </a>
      </li>
      <li
        className="slds-nav-vertical__item"
      >
        <a
          aria-describedby="CUSTOM-ID-folders"
          className="slds-nav-vertical__action"
          data-id="shared_folders"
          href="javascript:void(0);"
          onClick={[Function]}
        >
          Shared with Me
        </a>
      </li>
      <li
        className="slds-nav-vertical__item"
      >
        <a
          aria-describedby="CUSTOM-ID-folders"
          className="slds-nav-vertical__action"
          data-id="all_folders"
          href="javascript:void(0);"
          onClick={[Function]}
        >
          All Folders
        </a>
      </li>
    </ul>
  </div>
</nav>
`;

exports[`Navigation Default DOM Snapshot 1`] = `
<nav
  className="slds-nav-vertical"
  id="sample-navigation"
>
  <div
    className="slds-nav-vertical__section"
  >
    <h2
      className="slds-nav-vertical__title"
      id="sample-navigation-reports"
    >
      Reports
    </h2>
    <ul>
      <li
        className="slds-nav-vertical__item slds-is-active"
      >
        <a
          aria-describedby="sample-navigation-reports"
          className="slds-nav-vertical__action"
          data-id="recent_reports"
          href="javascript:void(0);"
          onClick={[Function]}
        >
          Recent
        </a>
      </li>
      <li
        className="slds-nav-vertical__item"
      >
        <a
          aria-describedby="sample-navigation-reports"
          className="slds-nav-vertical__action"
          data-id="my_reports"
          href="javascript:void(0);"
          onClick={[Function]}
        >
          Created by Me
        </a>
      </li>
      <li
        className="slds-nav-vertical__item"
      >
        <a
          aria-describedby="sample-navigation-reports"
          className="slds-nav-vertical__action"
          data-id="private_reports"
          href="javascript:void(0);"
          onClick={[Function]}
        >
          Private Reports
        </a>
      </li>
      <li
        className="slds-nav-vertical__item"
      >
        <a
          aria-describedby="sample-navigation-reports"
          className="slds-nav-vertical__action"
          data-id="public_reports"
          href="javascript:void(0);"
          onClick={[Function]}
        >
          Public Reports
        </a>
      </li>
      <li
        className="slds-nav-vertical__item"
      >
        <a
          aria-describedby="sample-navigation-reports"
          className="slds-nav-vertical__action"
          data-id="all_reports"
          href="javascript:void(0);"
          onClick={[Function]}
        >
          All Reports
        </a>
      </li>
    </ul>
  </div>
  <div
    className="slds-nav-vertical__section"
  >
    <h2
      className="slds-nav-vertical__title"
      id="sample-navigation-folders"
    >
      Folders
    </h2>
    <ul>
      <li
        className="slds-nav-vertical__item"
      >
        <a
          aria-describedby="sample-navigation-folders"
          className="slds-nav-vertical__action"
          data-id="my_folders"
          href="http://www.google.com"
          onClick={[Function]}
        >
          Created by Me
        </a>
      </li>
      <li
        className="slds-nav-vertical__item"
      >
        <a
          aria-describedby="sample-navigation-folders"
          className="slds-nav-vertical__action"
          data-id="shared_folders"
          href="javascript:void(0);"
          onClick={[Function]}
        >
          Shared with Me
        </a>
      </li>
      <li
        className="slds-nav-vertical__item"
      >
        <a
          aria-describedby="sample-navigation-folders"
          className="slds-nav-vertical__action"
          data-id="all_folders"
          href="javascript:void(0);"
          onClick={[Function]}
        >
          All Folders
        </a>
      </li>
    </ul>
  </div>
</nav>
`;

exports[`Navigation Default HTML Snapshot 1`] = `
"<nav id=\\"sample-navigation\\" class=\\"slds-nav-vertical\\">
  <div class=\\"slds-nav-vertical__section\\">
    <h2 id=\\"sample-navigation-reports\\" class=\\"slds-nav-vertical__title\\">Reports</h2>
    <ul>
      <li class=\\"slds-nav-vertical__item slds-is-active\\"><a data-id=\\"recent_reports\\" href=\\"javascript:void(0);\\" class=\\"slds-nav-vertical__action\\" aria-describedby=\\"sample-navigation-reports\\">Recent</a></li>
      <li class=\\"slds-nav-vertical__item\\"><a data-id=\\"my_reports\\" href=\\"javascript:void(0);\\" class=\\"slds-nav-vertical__action\\" aria-describedby=\\"sample-navigation-reports\\">Created by Me</a></li>
      <li class=\\"slds-nav-vertical__item\\"><a data-id=\\"private_reports\\" href=\\"javascript:void(0);\\" class=\\"slds-nav-vertical__action\\" aria-describedby=\\"sample-navigation-reports\\">Private Reports</a></li>
      <li class=\\"slds-nav-vertical__item\\"><a data-id=\\"public_reports\\" href=\\"javascript:void(0);\\" class=\\"slds-nav-vertical__action\\" aria-describedby=\\"sample-navigation-reports\\">Public Reports</a></li>
      <li class=\\"slds-nav-vertical__item\\"><a data-id=\\"all_reports\\" href=\\"javascript:void(0);\\" class=\\"slds-nav-vertical__action\\" aria-describedby=\\"sample-navigation-reports\\">All Reports</a></li>
    </ul>
  </div>
  <div class=\\"slds-nav-vertical__section\\">
    <h2 id=\\"sample-navigation-folders\\" class=\\"slds-nav-vertical__title\\">Folders</h2>
    <ul>
      <li class=\\"slds-nav-vertical__item\\"><a data-id=\\"my_folders\\" href=\\"http://www.google.com\\" class=\\"slds-nav-vertical__action\\" aria-describedby=\\"sample-navigation-folders\\">Created by Me</a></li>
      <li class=\\"slds-nav-vertical__item\\"><a data-id=\\"shared_folders\\" href=\\"javascript:void(0);\\" class=\\"slds-nav-vertical__action\\" aria-describedby=\\"sample-navigation-folders\\">Shared with Me</a></li>
      <li class=\\"slds-nav-vertical__item\\"><a data-id=\\"all_folders\\" href=\\"javascript:void(0);\\" class=\\"slds-nav-vertical__action\\" aria-describedby=\\"sample-navigation-folders\\">All Folders</a></li>
    </ul>
  </div>
</nav>"
`;
