// Jest Snapshot v1, https://goo.gl/fbAQLP

exports[`DOM & HTML Snapshots 1`] = `
<div
  className="slds-notify-container"
>
  <div
    className="slds-notify slds-notify_toast slds-theme_info"
    role="alert"
  >
    <span
      className="slds-assistive-text"
    >
      info
    </span>
    <span
      className="slds-m-right_small slds-no-flex slds-align-top"
      title={undefined}
    >
      <svg
        aria-hidden="true"
        className="slds-icon slds-icon--small"
        style={undefined}
      >
        <use
          xlinkHref="/assets/icons/utility-sprite/svg/symbols.svg#info"
        />
      </svg>
      
    </span>
    <div
      className="slds-notify__content"
    >
      <h2
        className="slds-text-heading_small"
      >
        26 potential duplicate leads were found.
         
        <a
          href="javascript:void(0);"
          onClick={[Function]}
        >
          Select Leads to Merge
        </a>
      </h2>
    </div>
    <button
      aria-controls={undefined}
      aria-describedby={undefined}
      aria-expanded={undefined}
      aria-haspopup={undefined}
      className="slds-button slds-button--icon-inverse slds-notify__close"
      disabled={false}
      id={undefined}
      onBlur={undefined}
      onClick={[Function]}
      onFocus={undefined}
      onKeyDown={undefined}
      onKeyPress={undefined}
      onKeyUp={undefined}
      onMouseDown={undefined}
      onMouseEnter={undefined}
      onMouseLeave={undefined}
      tabIndex={undefined}
      title="Close"
      type="button"
    >
      <svg
        aria-hidden="true"
        className="slds-button__icon slds-button__icon--large"
      >
        <use
          xlinkHref="/assets/icons/utility-sprite/svg/symbols.svg#close"
        />
      </svg>
      <span
        className="slds-assistive-text"
      >
        Close
      </span>
    </button>
  </div>
</div>
`;

exports[`DOM & HTML Snapshots 2`] = `
"<div class=\\"slds-notify-container\\">
  <div class=\\"slds-notify slds-notify_toast slds-theme_info\\" role=\\"alert\\"><span class=\\"slds-assistive-text\\">info</span><span class=\\"slds-m-right_small slds-no-flex slds-align-top\\"><svg aria-hidden=\\"true\\" class=\\"slds-icon slds-icon--small\\"><use xlink:href=\\"/assets/icons/utility-sprite/svg/symbols.svg#info\\"></use></svg></span>
    <div
      class=\\"slds-notify__content\\">
      <h2 class=\\"slds-text-heading_small\\">26 potential duplicate leads were found. <a href=\\"javascript:void(0);\\">Select Leads to Merge</a></h2>
  </div><button class=\\"slds-button slds-button--icon-inverse slds-notify__close\\" title=\\"Close\\" type=\\"button\\"><svg aria-hidden=\\"true\\" class=\\"slds-button__icon slds-button__icon--large\\"><use xlink:href=\\"/assets/icons/utility-sprite/svg/symbols.svg#close\\"></use></svg><span class=\\"slds-assistive-text\\">Close</span></button></div>
</div>"
`;

exports[`DOM & HTML Snapshots 3`] = `
<div
  className="slds-notify-container"
>
  <div
    className="slds-notify slds-notify_toast slds-theme_warning"
    role="alert"
  >
    <span
      className="slds-assistive-text"
    >
      warning
    </span>
    <span
      className="slds-m-right_small slds-no-flex slds-align-top"
      title={undefined}
    >
      <svg
        aria-hidden="true"
        className="slds-icon slds-icon--small"
        style={undefined}
      >
        <use
          xlinkHref="/assets/icons/utility-sprite/svg/symbols.svg#warning"
        />
      </svg>
      
    </span>
    <div
      className="slds-notify__content"
    >
      <h2
        className="slds-text-heading_small"
      >
        Can’t share file “report-q3.pdf” with the selected users.
         
      </h2>
    </div>
    <button
      aria-controls={undefined}
      aria-describedby={undefined}
      aria-expanded={undefined}
      aria-haspopup={undefined}
      className="slds-button slds-button--icon-inverse slds-notify__close"
      disabled={false}
      id={undefined}
      onBlur={undefined}
      onClick={[Function]}
      onFocus={undefined}
      onKeyDown={undefined}
      onKeyPress={undefined}
      onKeyUp={undefined}
      onMouseDown={undefined}
      onMouseEnter={undefined}
      onMouseLeave={undefined}
      tabIndex={undefined}
      title="Close"
      type="button"
    >
      <svg
        aria-hidden="true"
        className="slds-button__icon slds-button__icon--large"
      >
        <use
          xlinkHref="/assets/icons/utility-sprite/svg/symbols.svg#close"
        />
      </svg>
      <span
        className="slds-assistive-text"
      >
        Close
      </span>
    </button>
  </div>
</div>
`;

exports[`DOM & HTML Snapshots 4`] = `
"<div class=\\"slds-notify-container\\">
  <div class=\\"slds-notify slds-notify_toast slds-theme_warning\\" role=\\"alert\\"><span class=\\"slds-assistive-text\\">warning</span><span class=\\"slds-m-right_small slds-no-flex slds-align-top\\"><svg aria-hidden=\\"true\\" class=\\"slds-icon slds-icon--small\\"><use xlink:href=\\"/assets/icons/utility-sprite/svg/symbols.svg#warning\\"></use></svg></span>
    <div
      class=\\"slds-notify__content\\">
      <h2 class=\\"slds-text-heading_small\\">Can’t share file “report-q3.pdf” with the selected users. </h2>
  </div><button class=\\"slds-button slds-button--icon-inverse slds-notify__close\\" title=\\"Close\\" type=\\"button\\"><svg aria-hidden=\\"true\\" class=\\"slds-button__icon slds-button__icon--large\\"><use xlink:href=\\"/assets/icons/utility-sprite/svg/symbols.svg#close\\"></use></svg><span class=\\"slds-assistive-text\\">Close</span></button></div>
</div>"
`;

exports[`DOM & HTML Snapshots 5`] = `
<div
  className="slds-notify-container"
>
  <div
    className="slds-notify slds-notify_toast slds-theme_error"
    role="alert"
  >
    <span
      className="slds-assistive-text"
    >
      error
    </span>
    <span
      className="slds-m-right_small slds-no-flex slds-align-top"
      title={undefined}
    >
      <svg
        aria-hidden="true"
        className="slds-icon slds-icon--small"
        style={undefined}
      >
        <use
          xlinkHref="/assets/icons/utility-sprite/svg/symbols.svg#error"
        />
      </svg>
      
    </span>
    <div
      className="slds-notify__content"
    >
      <h2
        className="slds-text-heading_small"
      >
        Can’t save lead “Sally Wong” because another lead has the same name.
         
      </h2>
    </div>
    <button
      aria-controls={undefined}
      aria-describedby={undefined}
      aria-expanded={undefined}
      aria-haspopup={undefined}
      className="slds-button slds-button--icon-inverse slds-notify__close"
      disabled={false}
      id={undefined}
      onBlur={undefined}
      onClick={[Function]}
      onFocus={undefined}
      onKeyDown={undefined}
      onKeyPress={undefined}
      onKeyUp={undefined}
      onMouseDown={undefined}
      onMouseEnter={undefined}
      onMouseLeave={undefined}
      tabIndex={undefined}
      title="Close"
      type="button"
    >
      <svg
        aria-hidden="true"
        className="slds-button__icon slds-button__icon--large"
      >
        <use
          xlinkHref="/assets/icons/utility-sprite/svg/symbols.svg#close"
        />
      </svg>
      <span
        className="slds-assistive-text"
      >
        Close
      </span>
    </button>
  </div>
</div>
`;

exports[`DOM & HTML Snapshots 6`] = `
"<div class=\\"slds-notify-container\\">
  <div class=\\"slds-notify slds-notify_toast slds-theme_error\\" role=\\"alert\\"><span class=\\"slds-assistive-text\\">error</span><span class=\\"slds-m-right_small slds-no-flex slds-align-top\\"><svg aria-hidden=\\"true\\" class=\\"slds-icon slds-icon--small\\"><use xlink:href=\\"/assets/icons/utility-sprite/svg/symbols.svg#error\\"></use></svg></span>
    <div
      class=\\"slds-notify__content\\">
      <h2 class=\\"slds-text-heading_small\\">Can’t save lead “Sally Wong” because another lead has the same name. </h2>
  </div><button class=\\"slds-button slds-button--icon-inverse slds-notify__close\\" title=\\"Close\\" type=\\"button\\"><svg aria-hidden=\\"true\\" class=\\"slds-button__icon slds-button__icon--large\\"><use xlink:href=\\"/assets/icons/utility-sprite/svg/symbols.svg#close\\"></use></svg><span class=\\"slds-assistive-text\\">Close</span></button></div>
</div>"
`;

exports[`DOM & HTML Snapshots 7`] = `
<div
  className="slds-notify-container"
>
  <div
    className="slds-notify slds-notify_toast slds-theme_error"
    role="alert"
  >
    <span
      className="slds-assistive-text"
    >
      error
    </span>
    <span
      className="slds-m-right_small slds-no-flex slds-align-top"
      title={undefined}
    >
      <svg
        aria-hidden="true"
        className="slds-icon slds-icon--small"
        style={undefined}
      >
        <use
          xlinkHref="/assets/icons/utility-sprite/svg/symbols.svg#error"
        />
      </svg>
      
    </span>
    <div
      className="slds-notify__content"
    >
      <h2
        className="slds-text-heading_small"
      >
        You've encountered some errors when trying to save edits to Samuel Smith.
         
      </h2>
      <p>
        Here's some detail of what happened, being very descriptive and transparent.
      </p>
    </div>
    <button
      aria-controls={undefined}
      aria-describedby={undefined}
      aria-expanded={undefined}
      aria-haspopup={undefined}
      className="slds-button slds-button--icon-inverse slds-notify__close"
      disabled={false}
      id={undefined}
      onBlur={undefined}
      onClick={[Function]}
      onFocus={undefined}
      onKeyDown={undefined}
      onKeyPress={undefined}
      onKeyUp={undefined}
      onMouseDown={undefined}
      onMouseEnter={undefined}
      onMouseLeave={undefined}
      tabIndex={undefined}
      title="Close"
      type="button"
    >
      <svg
        aria-hidden="true"
        className="slds-button__icon slds-button__icon--large"
      >
        <use
          xlinkHref="/assets/icons/utility-sprite/svg/symbols.svg#close"
        />
      </svg>
      <span
        className="slds-assistive-text"
      >
        Close
      </span>
    </button>
  </div>
</div>
`;

exports[`DOM & HTML Snapshots 8`] = `
"<div class=\\"slds-notify-container\\">
  <div class=\\"slds-notify slds-notify_toast slds-theme_error\\" role=\\"alert\\"><span class=\\"slds-assistive-text\\">error</span><span class=\\"slds-m-right_small slds-no-flex slds-align-top\\"><svg aria-hidden=\\"true\\" class=\\"slds-icon slds-icon--small\\"><use xlink:href=\\"/assets/icons/utility-sprite/svg/symbols.svg#error\\"></use></svg></span>
    <div
      class=\\"slds-notify__content\\">
      <h2 class=\\"slds-text-heading_small\\">You&#x27;ve encountered some errors when trying to save edits to Samuel Smith. </h2>
      <p>Here&#x27;s some detail of what happened, being very descriptive and transparent.</p>
  </div><button class=\\"slds-button slds-button--icon-inverse slds-notify__close\\" title=\\"Close\\" type=\\"button\\"><svg aria-hidden=\\"true\\" class=\\"slds-button__icon slds-button__icon--large\\"><use xlink:href=\\"/assets/icons/utility-sprite/svg/symbols.svg#close\\"></use></svg><span class=\\"slds-assistive-text\\">Close</span></button></div>
</div>"
`;

exports[`DOM & HTML Snapshots 9`] = `
<div
  className="slds-notify-container"
>
  <div
    className="slds-notify slds-notify_toast slds-theme_success"
    role="alert"
  >
    <span
      className="slds-assistive-text"
    >
      success
    </span>
    <span
      className="slds-m-right_small slds-no-flex slds-align-top"
      title={undefined}
    >
      <svg
        aria-hidden="true"
        className="slds-icon slds-icon--small"
        style={undefined}
      >
        <use
          xlinkHref="/assets/icons/utility-sprite/svg/symbols.svg#success"
        />
      </svg>
      
    </span>
    <div
      className="slds-notify__content"
    >
      <h2
        className="slds-text-heading_small"
      >
        Account 
        <a
          href="javascript:void(0);"
        >
          ACME - 100
        </a>
         widgets was created.
         
      </h2>
    </div>
    <button
      aria-controls={undefined}
      aria-describedby={undefined}
      aria-expanded={undefined}
      aria-haspopup={undefined}
      className="slds-button slds-button--icon-inverse slds-notify__close"
      disabled={false}
      id={undefined}
      onBlur={undefined}
      onClick={[Function]}
      onFocus={undefined}
      onKeyDown={undefined}
      onKeyPress={undefined}
      onKeyUp={undefined}
      onMouseDown={undefined}
      onMouseEnter={undefined}
      onMouseLeave={undefined}
      tabIndex={undefined}
      title="Close"
      type="button"
    >
      <svg
        aria-hidden="true"
        className="slds-button__icon slds-button__icon--large"
      >
        <use
          xlinkHref="/assets/icons/utility-sprite/svg/symbols.svg#close"
        />
      </svg>
      <span
        className="slds-assistive-text"
      >
        Close
      </span>
    </button>
  </div>
</div>
`;

exports[`DOM & HTML Snapshots 10`] = `
"<div class=\\"slds-notify-container\\">
  <div class=\\"slds-notify slds-notify_toast slds-theme_success\\" role=\\"alert\\"><span class=\\"slds-assistive-text\\">success</span><span class=\\"slds-m-right_small slds-no-flex slds-align-top\\"><svg aria-hidden=\\"true\\" class=\\"slds-icon slds-icon--small\\"><use xlink:href=\\"/assets/icons/utility-sprite/svg/symbols.svg#success\\"></use></svg></span>
    <div
      class=\\"slds-notify__content\\">
      <h2 class=\\"slds-text-heading_small\\">Account <a href=\\"javascript:void(0);\\">ACME - 100</a> widgets was created. </h2>
  </div><button class=\\"slds-button slds-button--icon-inverse slds-notify__close\\" title=\\"Close\\" type=\\"button\\"><svg aria-hidden=\\"true\\" class=\\"slds-button__icon slds-button__icon--large\\"><use xlink:href=\\"/assets/icons/utility-sprite/svg/symbols.svg#close\\"></use></svg><span class=\\"slds-assistive-text\\">Close</span></button></div>
</div>"
`;

exports[`DOM & HTML Snapshots 11`] = `
<div
  className="slds-notify-container this-is-the-container"
>
  <div
    className="slds-notify slds-notify_toast slds-theme_info this-is-the-alert"
    role="alert"
  >
    <span
      className="slds-assistive-text"
    >
      info
    </span>
    <span
      className="slds-m-right_small slds-no-flex slds-align-top"
      title={undefined}
    >
      <svg
        aria-hidden="true"
        className="slds-icon slds-icon--small"
        style={undefined}
      >
        <use
          xlinkHref="/assets/icons/utility-sprite/svg/symbols.svg#info"
        />
      </svg>
      
    </span>
    <div
      className="slds-notify__content"
    >
      <h2
        className="slds-text-heading_small"
      >
        26 potential duplicate leads were found.
         
        <a
          href="javascript:void(0);"
          onClick={undefined}
        >
          Select Leads to Merge
        </a>
      </h2>
    </div>
    <button
      aria-controls={undefined}
      aria-describedby={undefined}
      aria-expanded={undefined}
      aria-haspopup={undefined}
      className="slds-button slds-button--icon-inverse slds-notify__close"
      disabled={false}
      id={undefined}
      onBlur={undefined}
      onClick={[Function]}
      onFocus={undefined}
      onKeyDown={undefined}
      onKeyPress={undefined}
      onKeyUp={undefined}
      onMouseDown={undefined}
      onMouseEnter={undefined}
      onMouseLeave={undefined}
      tabIndex={undefined}
      title="Close"
      type="button"
    >
      <svg
        aria-hidden="true"
        className="slds-button__icon slds-button__icon--large"
      >
        <use
          xlinkHref="/assets/icons/utility-sprite/svg/symbols.svg#close"
        />
      </svg>
      <span
        className="slds-assistive-text"
      >
        Close
      </span>
    </button>
  </div>
</div>
`;

exports[`DOM & HTML Snapshots 12`] = `
"<div class=\\"slds-notify-container this-is-the-container\\">
  <div class=\\"slds-notify slds-notify_toast slds-theme_info this-is-the-alert\\" role=\\"alert\\"><span class=\\"slds-assistive-text\\">info</span><span class=\\"slds-m-right_small slds-no-flex slds-align-top\\"><svg aria-hidden=\\"true\\" class=\\"slds-icon slds-icon--small\\"><use xlink:href=\\"/assets/icons/utility-sprite/svg/symbols.svg#info\\"></use></svg></span>
    <div
      class=\\"slds-notify__content\\">
      <h2 class=\\"slds-text-heading_small\\">26 potential duplicate leads were found. <a href=\\"javascript:void(0);\\">Select Leads to Merge</a></h2>
  </div><button class=\\"slds-button slds-button--icon-inverse slds-notify__close\\" title=\\"Close\\" type=\\"button\\"><svg aria-hidden=\\"true\\" class=\\"slds-button__icon slds-button__icon--large\\"><use xlink:href=\\"/assets/icons/utility-sprite/svg/symbols.svg#close\\"></use></svg><span class=\\"slds-assistive-text\\">Close</span></button></div>
</div>"
`;
