// Jest Snapshot v1, https://goo.gl/fbAQLP

exports[`Base DOM & HTML Snapshots 1`] = `
<nav
  aria-label="Breadcrumbs"
  role="navigation"
>
  <ol
    className="slds-breadcrumb slds-list--horizontal"
  >
    <li
      className="slds-breadcrumb__item slds-text-title--caps"
    >
      <a
        href="javascript:void(0);"
        id="parent-entity"
      >
        Parent Entity
      </a>
    </li>
    <li
      className="slds-breadcrumb__item slds-text-title--caps"
    >
      <a
        href="javascript:void(0);"
      >
        Parent Record Name
      </a>
    </li>
  </ol>
</nav>
`;

exports[`Base DOM & HTML Snapshots 2`] = `
"<nav role=\\"navigation\\" aria-label=\\"Breadcrumbs\\">
  <ol class=\\"slds-breadcrumb slds-list--horizontal\\">
    <li class=\\"slds-breadcrumb__item slds-text-title--caps\\"><a id=\\"parent-entity\\" href=\\"javascript:void(0);\\">Parent Entity</a></li>
    <li class=\\"slds-breadcrumb__item slds-text-title--caps\\"><a href=\\"javascript:void(0);\\">Parent Record Name</a></li>
  </ol>
</nav>"
`;

exports[`SLDSBreadcrumb Base DOM & HTML Snapshots 1`] = `
<nav
  aria-label="Breadcrumbs"
  role="navigation"
>
  <ol
    className="slds-breadcrumb slds-list--horizontal"
  >
    <li
      className="slds-breadcrumb__item slds-text-title--caps"
    >
      <a
        href="javascript:void(0);"
        id="parent-entity"
      >
        Parent Entity
      </a>
    </li>
    <li
      className="slds-breadcrumb__item slds-text-title--caps"
    >
      <a
        href="javascript:void(0);"
      >
        Parent Record Name
      </a>
    </li>
  </ol>
</nav>
`;

exports[`SLDSBreadcrumb Base DOM & HTML Snapshots 2`] = `
"<nav role=\\"navigation\\" aria-label=\\"Breadcrumbs\\">
  <ol class=\\"slds-breadcrumb slds-list--horizontal\\">
    <li class=\\"slds-breadcrumb__item slds-text-title--caps\\"><a id=\\"parent-entity\\" href=\\"javascript:void(0);\\">Parent Entity</a></li>
    <li class=\\"slds-breadcrumb__item slds-text-title--caps\\"><a href=\\"javascript:void(0);\\">Parent Record Name</a></li>
  </ol>
</nav>"
`;
