// Jest Snapshot v1, https://goo.gl/fbAQLP

exports[`MenuPicklist
	errorText
	DOM Snapshot 1`] = `
<div
  className="slds-form-element"
>
  <label
    className="slds-form-element__label"
    htmlFor="sample-menu-picklist"
    style={
      Object {
        "width": "100%",
      }
    }
  >
    Contacts
  </label>
  <div
    className="slds-picklist slds-dropdown-trigger slds-dropdown-trigger--click"
    onKeyDown={[Function]}
    onMouseDown={[Function]}
  >
    <button
      aria-describedby={undefined}
      aria-expanded={undefined}
      aria-haspopup="true"
      className="slds-button slds-button--neutral slds-picklist__label"
      disabled={undefined}
      id="sample-menu-picklist"
      onClick={[Function]}
      tabIndex={0}
      type="button"
    >
      <span
        className="slds-truncate"
      >
        Option C
      </span>
      <span
        className={undefined}
        title={undefined}
      >
        <svg
          aria-hidden="true"
          className="slds-icon slds-icon-text-default"
          style={undefined}
        >
          <use
            xlinkHref="/assets/icons/utility-sprite/svg/symbols.svg#down"
          />
        </svg>
        
      </span>
    </button>
  </div>
  <div
    id="listbox-selections-unique-id"
    orientation="horizontal"
    role="listbox"
  >
    <ul
      aria-label="Selected Options:"
      className="slds-listbox slds-listbox_inline slds-p-top_xxx-small"
      role="group"
    />
  </div>
</div>
`;

exports[`MenuPicklist Default DOM Snapshot 1`] = `
<div
  className="slds-form-element"
>
  <label
    className="slds-form-element__label"
    htmlFor="sample-menu-picklist"
    style={
      Object {
        "width": "100%",
      }
    }
  >
    Contacts
  </label>
  <div
    className="slds-picklist slds-dropdown-trigger slds-dropdown-trigger--click"
    onKeyDown={[Function]}
    onMouseDown={[Function]}
  >
    <button
      aria-describedby={undefined}
      aria-expanded={undefined}
      aria-haspopup="true"
      className="slds-button slds-button--neutral slds-picklist__label"
      disabled={undefined}
      id="sample-menu-picklist"
      onClick={[Function]}
      tabIndex={0}
      type="button"
    >
      <span
        className="slds-truncate"
      >
        Option C
      </span>
      <span
        className={undefined}
        title={undefined}
      >
        <svg
          aria-hidden="true"
          className="slds-icon slds-icon-text-default"
          style={undefined}
        >
          <use
            xlinkHref="/assets/icons/utility-sprite/svg/symbols.svg#down"
          />
        </svg>
        
      </span>
    </button>
  </div>
  <div
    id="listbox-selections-unique-id"
    orientation="horizontal"
    role="listbox"
  >
    <ul
      aria-label="Selected Options:"
      className="slds-listbox slds-listbox_inline slds-p-top_xxx-small"
      role="group"
    />
  </div>
</div>
`;

exports[`MenuPicklist Default HTML Snapshot 1`] = `
"<div class=\\"slds-form-element\\"><label class=\\"slds-form-element__label\\" for=\\"sample-menu-picklist\\" style=\\"width:100%;\\">Contacts</label>
    <div class=\\"slds-picklist slds-dropdown-trigger slds-dropdown-trigger--click\\"><button aria-haspopup=\\"true\\" class=\\"slds-button slds-button--neutral slds-picklist__label\\" id=\\"sample-menu-picklist\\" tabindex=\\"0\\" type=\\"button\\"><span class=\\"slds-truncate\\">Option C</span><span><svg aria-hidden=\\"true\\" class=\\"slds-icon slds-icon-text-default\\"><use xlink:href=\\"/assets/icons/utility-sprite/svg/symbols.svg#down\\"></use></svg></span></button></div>
    <div
        id=\\"listbox-selections-unique-id\\" orientation=\\"horizontal\\" role=\\"listbox\\">
        <ul class=\\"slds-listbox slds-listbox_inline slds-p-top_xxx-small\\" role=\\"group\\" aria-label=\\"Selected Options:\\"></ul>
</div>
</div>"
`;
